### Errors
70:> Task :app_pojavlauncher:mergeFullDebugResources FAILED
78:* What went wrong:
79:Execution failed for task ':app_pojavlauncher:mergeFullDebugResources'.
82:* Try:
94:BUILD FAILED in 16s

### Tail
> Task :app_pojavlauncher:downloadcaciocavallocacio-androidnwFullDebug
Download https://jitpack.io/com/github/MojoLauncher/caciocavallo/cacio-androidnw/-9ba6264d8c-1/cacio-androidnw--9ba6264d8c-1.jar

> Task :forge_installer:compileJava
warning: [options] source value 8 is obsolete and will be removed in a future release
warning: [options] target value 8 is obsolete and will be removed in a future release
warning: [options] To suppress warnings about obsolete options, use -Xlint:-options.
3 warnings

> Task :forge_installer:processResources NO-SOURCE
> Task :forge_installer:classes
> Task :forge_installer:jar
> Task :forge_installer:copyProjectJarforge_installerFullDebug

> Task :app_pojavlauncher:downloadcaciocavallo17cacio-ttaFullDebug
Download https://jitpack.io/com/github/MojoLauncher/caciocavallo17/cacio-tta/d4553e5689/cacio-tta-d4553e5689-jar-with-dependencies.jar

> Task :app_pojavlauncher:checkKotlinGradlePluginConfigurationErrors SKIPPED

> Task :app_pojavlauncher:downloadcaciocavallocacio-sharedFullDebug
Download https://jitpack.io/com/github/MojoLauncher/caciocavallo/cacio-shared/-9ba6264d8c-1/cacio-shared--9ba6264d8c-1.jar

> Task :glfw:jni_bindings:preBuild UP-TO-DATE
> Task :glfw:jni_bindings:preDebugBuild UP-TO-DATE
> Task :mojoexec:jni_bindings:preBuild UP-TO-DATE
> Task :mojoexec:jni_bindings:preDebugBuild UP-TO-DATE
> Task :glfw:jni_bindings:writeDebugAarMetadata
> Task :sdl:jni_bindings:preBuild UP-TO-DATE
> Task :sdl:jni_bindings:preDebugBuild UP-TO-DATE
> Task :mojoexec:jni_bindings:writeDebugAarMetadata
> Task :sdl:jni_bindings:writeDebugAarMetadata
> Task :glfw:jni_bindings:generateDebugResValues
> Task :glfw:jni_bindings:generateDebugResources

> Task :app_pojavlauncher:downloadComponentRuntime8FullDebug
Download https://github.com/MojoLauncher/android-openjdk-build-multiarch/releases/download/rolling/jre8-pojav.zip

> Task :glfw:jni_bindings:packageDebugResources
> Task :app_pojavlauncher:unzipComponentRuntime8FullDebug
> Task :app_pojavlauncher:preFullDebugBuild
> Task :app_pojavlauncher:mergeFullDebugNativeDebugMetadata NO-SOURCE
> Task :app_pojavlauncher:generateFullDebugBuildConfig
> Task :app_pojavlauncher:generateFullDebugResValues
> Task :mojoexec:jni_bindings:generateDebugResValues
> Task :app_pojavlauncher:checkFullDebugAarMetadata
> Task :mojoexec:jni_bindings:generateDebugResources
> Task :mojoexec:jni_bindings:packageDebugResources
> Task :sdl:jni_bindings:generateDebugResValues
> Task :sdl:jni_bindings:generateDebugResources
> Task :sdl:jni_bindings:packageDebugResources
> Task :app_pojavlauncher:mapFullDebugSourceSetPaths
> Task :app_pojavlauncher:generateFullDebugResources
> Task :app_pojavlauncher:compileFullDebugAidl

> Task :app_pojavlauncher:mergeFullDebugResources FAILED
ERROR: /home/runner/work/Aerix-launcher/Aerix-launcher/app_pojavlauncher/src/main/res/values/liquid.xml: Resource and asset merger: Found item Style/MojoLauncher.Liquid more than one time
gradle/actions: Writing build results to /home/runner/work/_temp/.gradle-actions/build-results/__run_3-1791694501059.json

[Incubating] Problems report is available at: file:///home/runner/work/Aerix-launcher/Aerix-launcher/build/reports/problems/problems-report.html

FAILURE: Build failed with an exception.

* What went wrong:
Execution failed for task ':app_pojavlauncher:mergeFullDebugResources'.
> /home/runner/work/Aerix-launcher/Aerix-launcher/app_pojavlauncher/src/main/res/values/liquid.xml: Error: Found item Style/MojoLauncher.Liquid more than one time

* Try:
> Run with --stacktrace option to get the stack trace.
> Run with --info or --debug option to get more log output.
> Run with --scan to get full insights.
> Get more help at https://help.gradle.org.

Deprecated Gradle features were used in this build, making it incompatible with Gradle 9.0.

You can use '--warning-mode all' to show the individual deprecation warnings and determine if they come from your own scripts or plugins.

For more on this, please refer to https://docs.gradle.org/8.14.3/userguide/command_line_interface.html#sec:command_line_warnings in the Gradle documentation.

BUILD FAILED in 16s
27 actionable tasks: 27 executed
