### What went wrong
361:* What went wrong:
362-Execution failed for task ':app_pojavlauncher:mergeFullDebugResources'.
363-> Multiple task action failures occurred:
364-   > A failure occurred while executing com.android.build.gradle.internal.res.ResourceCompilerRunnable
365-      > Resource compilation failed (Failed to compile resource file: /home/runner/work/Aerix-launcher/Aerix-launcher/app_pojavlauncher/src/main/res/layout/fragment_launcher.xml: . Cause: javax.xml.stream.XMLStreamException: ParseError at [row,col]:[118,69]
366-        Message: http://www.w3.org/TR/1999/REC-xml-names-19990114#AttributeNSNotUnique?View&id&http://schemas.android.com/apk/res/android). Check logs for more details.
367-   > A failure occurred while executing com.android.build.gradle.internal.res.ResourceCompilerRunnable
368-      > Resource compilation failed (Failed to compile resource file: /home/runner/work/Aerix-launcher/Aerix-launcher/app_pojavlauncher/src/main/res/layout-land/fragment_launcher.xml: . Cause: javax.xml.stream.XMLStreamException: ParseError at [row,col]:[211,65]
369-        Message: http://www.w3.org/TR/1999/REC-xml-names-19990114#AttributeNSNotUnique?View&id&http://schemas.android.com/apk/res/android). Check logs for more details.
370-
371-* Try:
372-> Run with --stacktrace option to get the stack trace.
373-> Run with --info or --debug option to get more log output.
374-> Run with --scan to get full insights.
375-> Get more help at https://help.gradle.org.
376-
377-Deprecated Gradle features were used in this build, making it incompatible with Gradle 9.0.
378-
379-You can use '--warning-mode all' to show the individual deprecation warnings and determine if they come from your own scripts or plugins.
380-
381-For more on this, please refer to https://docs.gradle.org/8.14.3/userguide/command_line_interface.html#sec:command_line_warnings in the Gradle documentation.
382-
383-BUILD FAILED in 23s
384-38 actionable tasks: 38 executed

### Errors
96:> Task :app_pojavlauncher:mergeFullDebugResources FAILED
362:Execution failed for task ':app_pojavlauncher:mergeFullDebugResources'.
383:BUILD FAILED in 23s

### Tail
/home/runner/work/Aerix-launcher/Aerix-launcher/app_pojavlauncher/src/main/res/values-sr/strings.xml:113:4: Multiple substitutions specified in non-positional format of string resource string/mcl_launch_downloading_progress. Did you mean to add the formatted="false" attribute?
/home/runner/.gradle/caches/8.14.3/transforms/397cc4de970e55a96ef3e5321909cf16/transformed/ui/res/values-sr/values-sr.xml:10:4: Multiple substitutions specified in non-positional format of string resource string/memory_warning_msg. Did you mean to add the formatted="false" attribute?
/home/runner/work/Aerix-launcher/Aerix-launcher/app_pojavlauncher/src/main/res/values-pl/strings.xml:15:4: Multiple substitutions specified in non-positional format of string resource string/address_memory_warning_msg. Did you mean to add the formatted="false" attribute?
/home/runner/work/Aerix-launcher/Aerix-launcher/app_pojavlauncher/src/main/res/values-bn-rBD/strings.xml:21:4: Multiple substitutions specified in non-positional format of string resource string/address_memory_warning_msg. Did you mean to add the formatted="false" attribute?
/home/runner/work/Aerix-launcher/Aerix-launcher/app_pojavlauncher/src/main/res/values-pl/strings.xml:150:4: Multiple substitutions specified in non-positional format of string resource string/mcl_launch_downloading_progress. Did you mean to add the formatted="false" attribute?
/home/runner/work/Aerix-launcher/Aerix-launcher/app_pojavlauncher/src/main/res/values-pl/strings.xml:234:4: Multiple substitutions specified in non-positional format of string resource string/memory_warning_msg. Did you mean to add the formatted="false" attribute?
/home/runner/work/Aerix-launcher/Aerix-launcher/app_pojavlauncher/src/main/res/values-pl/strings.xml:282:4: Multiple substitutions specified in non-positional format of string resource string/modpack_download_applying_overrides. Did you mean to add the formatted="false" attribute?
/home/runner/work/Aerix-launcher/Aerix-launcher/app_pojavlauncher/src/main/res/values-pl/strings.xml:283:4: Multiple substitutions specified in non-positional format of string resource string/modpack_download_downloading_metadata. Did you mean to add the formatted="false" attribute?
/home/runner/work/Aerix-launcher/Aerix-launcher/app_pojavlauncher/src/main/res/values-pl/strings.xml:284:4: Multiple substitutions specified in non-positional format of string resource string/modpack_download_downloading_mods. Did you mean to add the formatted="false" attribute?
/home/runner/work/Aerix-launcher/Aerix-launcher/app_pojavlauncher/src/main/res/values-pl/strings.xml:290:4: Multiple substitutions specified in non-positional format of string resource string/modpack_download_downloading_mods_fc. Did you mean to add the formatted="false" attribute?
/home/runner/work/Aerix-launcher/Aerix-launcher/app_pojavlauncher/src/main/res/values-pl/strings.xml:325:4: Multiple substitutions specified in non-positional format of string resource string/newdl_downloading_game_files. Did you mean to add the formatted="false" attribute?
/home/runner/work/Aerix-launcher/Aerix-launcher/app_pojavlauncher/src/main/res/values-pl/strings.xml:323:4: Multiple substitutions specified in non-positional format of string resource string/newdl_downloading_game_files_size. Did you mean to add the formatted="false" attribute?
/home/runner/work/Aerix-launcher/Aerix-launcher/app_pojavlauncher/src/main/res/values-bn-rBD/strings.xml:181:4: Multiple substitutions specified in non-positional format of string resource string/mcl_launch_downloading_progress. Did you mean to add the formatted="false" attribute?
/home/runner/work/Aerix-launcher/Aerix-launcher/app_pojavlauncher/src/main/res/values-bn-rBD/strings.xml:271:4: Multiple substitutions specified in non-positional format of string resource string/memory_warning_msg. Did you mean to add the formatted="false" attribute?
/home/runner/work/Aerix-launcher/Aerix-launcher/app_pojavlauncher/src/main/res/values-bn-rBD/strings.xml:326:4: Multiple substitutions specified in non-positional format of string resource string/modpack_download_applying_overrides. Did you mean to add the formatted="false" attribute?
/home/runner/work/Aerix-launcher/Aerix-launcher/app_pojavlauncher/src/main/res/values-bn-rBD/strings.xml:327:4: Multiple substitutions specified in non-positional format of string resource string/modpack_download_downloading_metadata. Did you mean to add the formatted="false" attribute?
/home/runner/work/Aerix-launcher/Aerix-launcher/app_pojavlauncher/src/main/res/values-bn-rBD/strings.xml:328:4: Multiple substitutions specified in non-positional format of string resource string/modpack_download_downloading_mods. Did you mean to add the formatted="false" attribute?
/home/runner/work/Aerix-launcher/Aerix-launcher/app_pojavlauncher/src/main/res/values-bn-rBD/strings.xml:334:4: Multiple substitutions specified in non-positional format of string resource string/modpack_download_downloading_mods_fc. Did you mean to add the formatted="false" attribute?
/home/runner/work/Aerix-launcher/Aerix-launcher/app_pojavlauncher/src/main/res/values-bn-rBD/strings.xml:371:4: Multiple substitutions specified in non-positional format of string resource string/newdl_downloading_game_files. Did you mean to add the formatted="false" attribute?
/home/runner/work/Aerix-launcher/Aerix-launcher/app_pojavlauncher/src/main/res/values-bn-rBD/strings.xml:369:4: Multiple substitutions specified in non-positional format of string resource string/newdl_downloading_game_files_size. Did you mean to add the formatted="false" attribute?
/home/runner/work/Aerix-launcher/Aerix-launcher/app_pojavlauncher/src/main/res/values-bn-rBD/strings.xml:368:4: Multiple substitutions specified in non-positional format of string resource string/newdl_extracting_native_libraries. Did you mean to add the formatted="false" attribute?
/home/runner/work/Aerix-launcher/Aerix-launcher/app_pojavlauncher/src/main/res/values-en-rGB/strings.xml:146:4: Multiple substitutions specified in non-positional format of string resource string/mcl_launch_downloading_progress. Did you mean to add the formatted="false" attribute?
/home/runner/work/Aerix-launcher/Aerix-launcher/app_pojavlauncher/src/main/res/values-en-rGB/strings.xml:228:4: Multiple substitutions specified in non-positional format of string resource string/memory_warning_msg. Did you mean to add the formatted="false" attribute?
/home/runner/work/Aerix-launcher/Aerix-launcher/app_pojavlauncher/src/main/res/values-en-rGB/strings.xml:275:4: Multiple substitutions specified in non-positional format of string resource string/modpack_download_applying_overrides. Did you mean to add the formatted="false" attribute?
/home/runner/work/Aerix-launcher/Aerix-launcher/app_pojavlauncher/src/main/res/values-en-rGB/strings.xml:276:4: Multiple substitutions specified in non-positional format of string resource string/modpack_download_downloading_metadata. Did you mean to add the formatted="false" attribute?
/home/runner/work/Aerix-launcher/Aerix-launcher/app_pojavlauncher/src/main/res/values-en-rGB/strings.xml:277:4: Multiple substitutions specified in non-positional format of string resource string/modpack_download_downloading_mods. Did you mean to add the formatted="false" attribute?
/home/runner/work/Aerix-launcher/Aerix-launcher/app_pojavlauncher/src/main/res/values-en-rGB/strings.xml:283:4: Multiple substitutions specified in non-positional format of string resource string/modpack_download_downloading_mods_fc. Did you mean to add the formatted="false" attribute?
/home/runner/work/Aerix-launcher/Aerix-launcher/app_pojavlauncher/src/main/res/values-fr/strings.xml:15:4: Multiple substitutions specified in non-positional format of string resource string/address_memory_warning_msg. Did you mean to add the formatted="false" attribute?
/home/runner/work/Aerix-launcher/Aerix-launcher/app_pojavlauncher/src/main/res/values-fr/strings.xml:150:4: Multiple substitutions specified in non-positional format of string resource string/mcl_launch_downloading_progress. Did you mean to add the formatted="false" attribute?
/home/runner/work/Aerix-launcher/Aerix-launcher/app_pojavlauncher/src/main/res/values-pt-rBR/strings.xml:14:4: Multiple substitutions specified in non-positional format of string resource string/address_memory_warning_msg. Did you mean to add the formatted="false" attribute?
/home/runner/work/Aerix-launcher/Aerix-launcher/app_pojavlauncher/src/main/res/values-fr/strings.xml:234:4: Multiple substitutions specified in non-positional format of string resource string/memory_warning_msg. Did you mean to add the formatted="false" attribute?
/home/runner/work/Aerix-launcher/Aerix-launcher/app_pojavlauncher/src/main/res/values-fr/strings.xml:282:4: Multiple substitutions specified in non-positional format of string resource string/modpack_download_applying_overrides. Did you mean to add the formatted="false" attribute?
/home/runner/work/Aerix-launcher/Aerix-launcher/app_pojavlauncher/src/main/res/values-fr/strings.xml:283:4: Multiple substitutions specified in non-positional format of string resource string/modpack_download_downloading_metadata. Did you mean to add the formatted="false" attribute?
/home/runner/work/Aerix-launcher/Aerix-launcher/app_pojavlauncher/src/main/res/values-fr/strings.xml:284:4: Multiple substitutions specified in non-positional format of string resource string/modpack_download_downloading_mods. Did you mean to add the formatted="false" attribute?
/home/runner/work/Aerix-launcher/Aerix-launcher/app_pojavlauncher/src/main/res/values-fr/strings.xml:290:4: Multiple substitutions specified in non-positional format of string resource string/modpack_download_downloading_mods_fc. Did you mean to add the formatted="false" attribute?
/home/runner/work/Aerix-launcher/Aerix-launcher/app_pojavlauncher/src/main/res/values-fr/strings.xml:325:4: Multiple substitutions specified in non-positional format of string resource string/newdl_downloading_game_files. Did you mean to add the formatted="false" attribute?
/home/runner/work/Aerix-launcher/Aerix-launcher/app_pojavlauncher/src/main/res/values-fr/strings.xml:323:4: Multiple substitutions specified in non-positional format of string resource string/newdl_downloading_game_files_size. Did you mean to add the formatted="false" attribute?
/home/runner/work/Aerix-launcher/Aerix-launcher/app_pojavlauncher/src/main/res/values-pt-rBR/strings.xml:149:4: Multiple substitutions specified in non-positional format of string resource string/mcl_launch_downloading_progress. Did you mean to add the formatted="false" attribute?
/home/runner/work/Aerix-launcher/Aerix-launcher/app_pojavlauncher/src/main/res/values-pt-rBR/strings.xml:233:4: Multiple substitutions specified in non-positional format of string resource string/memory_warning_msg. Did you mean to add the formatted="false" attribute?
/home/runner/work/Aerix-launcher/Aerix-launcher/app_pojavlauncher/src/main/res/values-pt-rBR/strings.xml:281:4: Multiple substitutions specified in non-positional format of string resource string/modpack_download_applying_overrides. Did you mean to add the formatted="false" attribute?
/home/runner/work/Aerix-launcher/Aerix-launcher/app_pojavlauncher/src/main/res/values-pt-rBR/strings.xml:282:4: Multiple substitutions specified in non-positional format of string resource string/modpack_download_downloading_metadata. Did you mean to add the formatted="false" attribute?
/home/runner/work/Aerix-launcher/Aerix-launcher/app_pojavlauncher/src/main/res/values-pt-rBR/strings.xml:283:4: Multiple substitutions specified in non-positional format of string resource string/modpack_download_downloading_mods. Did you mean to add the formatted="false" attribute?
/home/runner/work/Aerix-launcher/Aerix-launcher/app_pojavlauncher/src/main/res/values-pt-rBR/strings.xml:289:4: Multiple substitutions specified in non-positional format of string resource string/modpack_download_downloading_mods_fc. Did you mean to add the formatted="false" attribute?
/home/runner/work/Aerix-launcher/Aerix-launcher/app_pojavlauncher/src/main/res/values-pt-rBR/strings.xml:324:4: Multiple substitutions specified in non-positional format of string resource string/newdl_downloading_game_files. Did you mean to add the formatted="false" attribute?
/home/runner/work/Aerix-launcher/Aerix-launcher/app_pojavlauncher/src/main/res/values-pt-rBR/strings.xml:322:4: Multiple substitutions specified in non-positional format of string resource string/newdl_downloading_game_files_size. Did you mean to add the formatted="false" attribute?
/home/runner/work/Aerix-launcher/Aerix-launcher/app_pojavlauncher/src/main/res/values-fa-rIR/strings.xml:142:4: Multiple substitutions specified in non-positional format of string resource string/mcl_launch_downloading_progress. Did you mean to add the formatted="false" attribute?
/home/runner/work/Aerix-launcher/Aerix-launcher/app_pojavlauncher/src/main/res/values-fa-rIR/strings.xml:240:4: Multiple substitutions specified in non-positional format of string resource string/memory_warning_msg. Did you mean to add the formatted="false" attribute?
/home/runner/work/Aerix-launcher/Aerix-launcher/app_pojavlauncher/src/main/res/values-fa-rIR/strings.xml:237:4: Multiple substitutions specified in non-positional format of string resource string/modpack_download_applying_overrides. Did you mean to add the formatted="false" attribute?
/home/runner/work/Aerix-launcher/Aerix-launcher/app_pojavlauncher/src/main/res/values-fa-rIR/strings.xml:238:4: Multiple substitutions specified in non-positional format of string resource string/modpack_download_downloading_metadata. Did you mean to add the formatted="false" attribute?
/home/runner/work/Aerix-launcher/Aerix-launcher/app_pojavlauncher/src/main/res/values-fa-rIR/strings.xml:239:4: Multiple substitutions specified in non-positional format of string resource string/modpack_download_downloading_mods. Did you mean to add the formatted="false" attribute?
/home/runner/work/Aerix-launcher/Aerix-launcher/app_pojavlauncher/src/main/res/values-fa-rIR/strings.xml:245:4: Multiple substitutions specified in non-positional format of string resource string/modpack_download_downloading_mods_fc. Did you mean to add the formatted="false" attribute?
/home/runner/work/Aerix-launcher/Aerix-launcher/app_pojavlauncher/src/main/res/values-de/strings.xml:15:4: Multiple substitutions specified in non-positional format of string resource string/address_memory_warning_msg. Did you mean to add the formatted="false" attribute?
/home/runner/work/Aerix-launcher/Aerix-launcher/app_pojavlauncher/src/main/res/values-de/strings.xml:150:4: Multiple substitutions specified in non-positional format of string resource string/mcl_launch_downloading_progress. Did you mean to add the formatted="false" attribute?
/home/runner/work/Aerix-launcher/Aerix-launcher/app_pojavlauncher/src/main/res/values-de/strings.xml:234:4: Multiple substitutions specified in non-positional format of string resource string/memory_warning_msg. Did you mean to add the formatted="false" attribute?
/home/runner/work/Aerix-launcher/Aerix-launcher/app_pojavlauncher/src/main/res/values-de/strings.xml:282:4: Multiple substitutions specified in non-positional format of string resource string/modpack_download_applying_overrides. Did you mean to add the formatted="false" attribute?
/home/runner/work/Aerix-launcher/Aerix-launcher/app_pojavlauncher/src/main/res/values-de/strings.xml:283:4: Multiple substitutions specified in non-positional format of string resource string/modpack_download_downloading_metadata. Did you mean to add the formatted="false" attribute?
/home/runner/work/Aerix-launcher/Aerix-launcher/app_pojavlauncher/src/main/res/values-de/strings.xml:284:4: Multiple substitutions specified in non-positional format of string resource string/modpack_download_downloading_mods. Did you mean to add the formatted="false" attribute?
/home/runner/work/Aerix-launcher/Aerix-launcher/app_pojavlauncher/src/main/res/values-de/strings.xml:290:4: Multiple substitutions specified in non-positional format of string resource string/modpack_download_downloading_mods_fc. Did you mean to add the formatted="false" attribute?
/home/runner/work/Aerix-launcher/Aerix-launcher/app_pojavlauncher/src/main/res/values-de/strings.xml:325:4: Multiple substitutions specified in non-positional format of string resource string/newdl_downloading_game_files. Did you mean to add the formatted="false" attribute?
/home/runner/work/Aerix-launcher/Aerix-launcher/app_pojavlauncher/src/main/res/values-de/strings.xml:323:4: Multiple substitutions specified in non-positional format of string resource string/newdl_downloading_game_files_size. Did you mean to add the formatted="false" attribute?
/home/runner/work/Aerix-launcher/Aerix-launcher/app_pojavlauncher/src/main/res/values-uk/strings.xml:148:4: Multiple substitutions specified in non-positional format of string resource string/mcl_launch_downloading_progress. Did you mean to add the formatted="false" attribute?
/home/runner/work/Aerix-launcher/Aerix-launcher/app_pojavlauncher/src/main/res/values-uk/strings.xml:232:4: Multiple substitutions specified in non-positional format of string resource string/memory_warning_msg. Did you mean to add the formatted="false" attribute?
/home/runner/work/Aerix-launcher/Aerix-launcher/app_pojavlauncher/src/main/res/values-uk/strings.xml:290:4: Multiple substitutions specified in non-positional format of string resource string/modpack_download_applying_overrides. Did you mean to add the formatted="false" attribute?
/home/runner/work/Aerix-launcher/Aerix-launcher/app_pojavlauncher/src/main/res/values-uk/strings.xml:291:4: Multiple substitutions specified in non-positional format of string resource string/modpack_download_downloading_metadata. Did you mean to add the formatted="false" attribute?
/home/runner/work/Aerix-launcher/Aerix-launcher/app_pojavlauncher/src/main/res/values-uk/strings.xml:292:4: Multiple substitutions specified in non-positional format of string resource string/modpack_download_downloading_mods. Did you mean to add the formatted="false" attribute?
/home/runner/work/Aerix-launcher/Aerix-launcher/app_pojavlauncher/src/main/res/values-uk/strings.xml:298:4: Multiple substitutions specified in non-positional format of string resource string/modpack_download_downloading_mods_fc. Did you mean to add the formatted="false" attribute?
/home/runner/work/Aerix-launcher/Aerix-launcher/app_pojavlauncher/src/main/res/values-uk/strings.xml:346:4: Multiple substitutions specified in non-positional format of string resource string/newdl_downloading_game_files. Did you mean to add the formatted="false" attribute?
/home/runner/work/Aerix-launcher/Aerix-launcher/app_pojavlauncher/src/main/res/values-uk/strings.xml:332:4: Multiple substitutions specified in non-positional format of string resource string/newdl_downloading_game_files_size. Did you mean to add the formatted="false" attribute?
/home/runner/work/Aerix-launcher/Aerix-launcher/app_pojavlauncher/src/main/res/values-uk/strings.xml:331:4: Multiple substitutions specified in non-positional format of string resource string/newdl_extracting_native_libraries. Did you mean to add the formatted="false" attribute?
/home/runner/work/Aerix-launcher/Aerix-launcher/app_pojavlauncher/src/main/res/values-uk/strings.xml:217:4: Multiple substitutions specified in non-positional format of string resource string/newerdl_inserting_metadata_count. Did you mean to add the formatted="false" attribute?
/home/runner/work/Aerix-launcher/Aerix-launcher/app_pojavlauncher/src/main/res/values-ms/strings.xml:115:4: Multiple substitutions specified in non-positional format of string resource string/mcl_launch_downloading_progress. Did you mean to add the formatted="false" attribute?
/home/runner/work/Aerix-launcher/Aerix-launcher/app_pojavlauncher/src/main/res/values-ms/strings.xml:118:4: Multiple substitutions specified in non-positional format of string resource string/memory_warning_msg. Did you mean to add the formatted="false" attribute?
/home/runner/work/Aerix-launcher/Aerix-launcher/app_pojavlauncher/src/main/res/values-rpr/strings.xml:117:4: Multiple substitutions specified in non-positional format of string resource string/mcl_launch_downloading_progress. Did you mean to add the formatted="false" attribute?
/home/runner/work/Aerix-launcher/Aerix-launcher/app_pojavlauncher/src/main/res/values-rpr/strings.xml:119:4: Multiple substitutions specified in non-positional format of string resource string/memory_warning_msg. Did you mean to add the formatted="false" attribute?
/home/runner/work/Aerix-launcher/Aerix-launcher/app_pojavlauncher/src/main/res/values-vi/strings.xml:20:4: Multiple substitutions specified in non-positional format of string resource string/address_memory_warning_msg. Did you mean to add the formatted="false" attribute?
/home/runner/work/Aerix-launcher/Aerix-launcher/app_pojavlauncher/src/main/res/values-vi/strings.xml:172:4: Multiple substitutions specified in non-positional format of string resource string/mcl_launch_downloading_progress. Did you mean to add the formatted="false" attribute?
/home/runner/work/Aerix-launcher/Aerix-launcher/app_pojavlauncher/src/main/res/values-vi/strings.xml:263:4: Multiple substitutions specified in non-positional format of string resource string/memory_warning_msg. Did you mean to add the formatted="false" attribute?
/home/runner/work/Aerix-launcher/Aerix-launcher/app_pojavlauncher/src/main/res/values-vi/strings.xml:325:4: Multiple substitutions specified in non-positional format of string resource string/modpack_download_applying_overrides. Did you mean to add the formatted="false" attribute?
/home/runner/work/Aerix-launcher/Aerix-launcher/app_pojavlauncher/src/main/res/values-vi/strings.xml:326:4: Multiple substitutions specified in non-positional format of string resource string/modpack_download_downloading_metadata. Did you mean to add the formatted="false" attribute?
/home/runner/work/Aerix-launcher/Aerix-launcher/app_pojavlauncher/src/main/res/values-vi/strings.xml:327:4: Multiple substitutions specified in non-positional format of string resource string/modpack_download_downloading_mods. Did you mean to add the formatted="false" attribute?
/home/runner/work/Aerix-launcher/Aerix-launcher/app_pojavlauncher/src/main/res/values-vi/strings.xml:333:4: Multiple substitutions specified in non-positional format of string resource string/modpack_download_downloading_mods_fc. Did you mean to add the formatted="false" attribute?
/home/runner/work/Aerix-launcher/Aerix-launcher/app_pojavlauncher/src/main/res/values-vi/strings.xml:371:4: Multiple substitutions specified in non-positional format of string resource string/newdl_downloading_game_files. Did you mean to add the formatted="false" attribute?
/home/runner/work/Aerix-launcher/Aerix-launcher/app_pojavlauncher/src/main/res/values-vi/strings.xml:369:4: Multiple substitutions specified in non-positional format of string resource string/newdl_downloading_game_files_size. Did you mean to add the formatted="false" attribute?
/home/runner/work/Aerix-launcher/Aerix-launcher/app_pojavlauncher/src/main/res/values-vi/strings.xml:368:4: Multiple substitutions specified in non-positional format of string resource string/newdl_extracting_native_libraries. Did you mean to add the formatted="false" attribute?
/home/runner/work/Aerix-launcher/Aerix-launcher/app_pojavlauncher/src/main/res/values-no/strings.xml:96:4: Multiple substitutions specified in non-positional format of string resource string/mcl_launch_downloading_progress. Did you mean to add the formatted="false" attribute?
/home/runner/work/Aerix-launcher/Aerix-launcher/app_pojavlauncher/src/main/res/values-no/strings.xml:98:4: Multiple substitutions specified in non-positional format of string resource string/memory_warning_msg. Did you mean to add the formatted="false" attribute?

> Task :app_pojavlauncher:processFullDebugMainManifest
[shaderc.aar] /home/runner/.gradle/caches/8.14.3/transforms/e3ed0d3d69bf302ff2d2b41bc1b4cfa7/transformed/shaderc/AndroidManifest.xml Warning:
	Namespace 'git.artdeell.mesa_libs' is used in multiple modules and/or libraries: shaderc.aar, spvc.aar. Please ensure that all modules and libraries have a unique namespace. For more information, See https://developer.android.com/studio/build/configure-app-module#set-namespace
gradle/actions: Writing build results to /home/runner/work/_temp/.gradle-actions/build-results/__run_3-1791695219326.json

[Incubating] Problems report is available at: file:///home/runner/work/Aerix-launcher/Aerix-launcher/build/reports/problems/problems-report.html

FAILURE: Build failed with an exception.

* What went wrong:
Execution failed for task ':app_pojavlauncher:mergeFullDebugResources'.
> Multiple task action failures occurred:
   > A failure occurred while executing com.android.build.gradle.internal.res.ResourceCompilerRunnable
      > Resource compilation failed (Failed to compile resource file: /home/runner/work/Aerix-launcher/Aerix-launcher/app_pojavlauncher/src/main/res/layout/fragment_launcher.xml: . Cause: javax.xml.stream.XMLStreamException: ParseError at [row,col]:[118,69]
        Message: http://www.w3.org/TR/1999/REC-xml-names-19990114#AttributeNSNotUnique?View&id&http://schemas.android.com/apk/res/android). Check logs for more details.
   > A failure occurred while executing com.android.build.gradle.internal.res.ResourceCompilerRunnable
      > Resource compilation failed (Failed to compile resource file: /home/runner/work/Aerix-launcher/Aerix-launcher/app_pojavlauncher/src/main/res/layout-land/fragment_launcher.xml: . Cause: javax.xml.stream.XMLStreamException: ParseError at [row,col]:[211,65]
        Message: http://www.w3.org/TR/1999/REC-xml-names-19990114#AttributeNSNotUnique?View&id&http://schemas.android.com/apk/res/android). Check logs for more details.

* Try:
> Run with --stacktrace option to get the stack trace.
> Run with --info or --debug option to get more log output.
> Run with --scan to get full insights.
> Get more help at https://help.gradle.org.

Deprecated Gradle features were used in this build, making it incompatible with Gradle 9.0.

You can use '--warning-mode all' to show the individual deprecation warnings and determine if they come from your own scripts or plugins.

For more on this, please refer to https://docs.gradle.org/8.14.3/userguide/command_line_interface.html#sec:command_line_warnings in the Gradle documentation.

BUILD FAILED in 23s
38 actionable tasks: 38 executed
